Archive member included to satisfy reference by file (symbol)

c:/ac6/systemworkbench/plugins/fr.ac6.mcu.externaltools.arm-none.win32_1.17.0.201812190825/tools/compiler/bin/../lib/gcc/arm-none-eabi/7.3.1/../../../../arm-none-eabi/lib/thumb/v7e-m/fpv4-sp/hard\libc_nano.a(lib_a-errno.o)
                              Core/Src/syscalls.o (__errno)
c:/ac6/systemworkbench/plugins/fr.ac6.mcu.externaltools.arm-none.win32_1.17.0.201812190825/tools/compiler/bin/../lib/gcc/arm-none-eabi/7.3.1/../../../../arm-none-eabi/lib/thumb/v7e-m/fpv4-sp/hard\libc_nano.a(lib_a-exit.o)
                              c:/ac6/systemworkbench/plugins/fr.ac6.mcu.externaltools.arm-none.win32_1.17.0.201812190825/tools/compiler/bin/../lib/gcc/arm-none-eabi/7.3.1/../../../../arm-none-eabi/lib/thumb/v7e-m/fpv4-sp/hard/crt0.o (exit)
c:/ac6/systemworkbench/plugins/fr.ac6.mcu.externaltools.arm-none.win32_1.17.0.201812190825/tools/compiler/bin/../lib/gcc/arm-none-eabi/7.3.1/../../../../arm-none-eabi/lib/thumb/v7e-m/fpv4-sp/hard\libc_nano.a(lib_a-impure.o)
                              c:/ac6/systemworkbench/plugins/fr.ac6.mcu.externaltools.arm-none.win32_1.17.0.201812190825/tools/compiler/bin/../lib/gcc/arm-none-eabi/7.3.1/../../../../arm-none-eabi/lib/thumb/v7e-m/fpv4-sp/hard\libc_nano.a(lib_a-exit.o) (_global_impure_ptr)
c:/ac6/systemworkbench/plugins/fr.ac6.mcu.externaltools.arm-none.win32_1.17.0.201812190825/tools/compiler/bin/../lib/gcc/arm-none-eabi/7.3.1/../../../../arm-none-eabi/lib/thumb/v7e-m/fpv4-sp/hard\libc_nano.a(lib_a-init.o)
                              c:/ac6/systemworkbench/plugins/fr.ac6.mcu.externaltools.arm-none.win32_1.17.0.201812190825/tools/compiler/bin/../lib/gcc/arm-none-eabi/7.3.1/../../../../arm-none-eabi/lib/thumb/v7e-m/fpv4-sp/hard/crt0.o (__libc_init_array)
c:/ac6/systemworkbench/plugins/fr.ac6.mcu.externaltools.arm-none.win32_1.17.0.201812190825/tools/compiler/bin/../lib/gcc/arm-none-eabi/7.3.1/../../../../arm-none-eabi/lib/thumb/v7e-m/fpv4-sp/hard\libc_nano.a(lib_a-memset.o)
                              c:/ac6/systemworkbench/plugins/fr.ac6.mcu.externaltools.arm-none.win32_1.17.0.201812190825/tools/compiler/bin/../lib/gcc/arm-none-eabi/7.3.1/../../../../arm-none-eabi/lib/thumb/v7e-m/fpv4-sp/hard/crt0.o (memset)

Allocating common symbols
Common symbol       size              file

_xstart             0x1               Core/Src/GFX_FUNCTIONS.o
_colstart           0x1               Core/Src/GFX_FUNCTIONS.o
cursor_y            0x2               Core/Src/GFX_FUNCTIONS.o
uwTick              0x4               Drivers/STM32L4xx_HAL_Driver/Src/stm32l4xx_hal.o
_ystart             0x1               Core/Src/GFX_FUNCTIONS.o
_rowstart           0x1               Core/Src/GFX_FUNCTIONS.o
rotation            0x1               Core/Src/GFX_FUNCTIONS.o
_width              0x2               Core/Src/GFX_FUNCTIONS.o
hspi1               0x64              Core/Src/main.o
cursor_x            0x2               Core/Src/GFX_FUNCTIONS.o
_height             0x2               Core/Src/GFX_FUNCTIONS.o

Discarded input sections

 .text          0x00000000        0x0 c:/ac6/systemworkbench/plugins/fr.ac6.mcu.externaltools.arm-none.win32_1.17.0.201812190825/tools/compiler/bin/../lib/gcc/arm-none-eabi/7.3.1/thumb/v7e-m/fpv4-sp/hard/crti.o
 .data          0x00000000        0x0 c:/ac6/systemworkbench/plugins/fr.ac6.mcu.externaltools.arm-none.win32_1.17.0.201812190825/tools/compiler/bin/../lib/gcc/arm-none-eabi/7.3.1/thumb/v7e-m/fpv4-sp/hard/crti.o
 .bss           0x00000000        0x0 c:/ac6/systemworkbench/plugins/fr.ac6.mcu.externaltools.arm-none.win32_1.17.0.201812190825/tools/compiler/bin/../lib/gcc/arm-none-eabi/7.3.1/thumb/v7e-m/fpv4-sp/hard/crti.o
 .data          0x00000000        0x4 c:/ac6/systemworkbench/plugins/fr.ac6.mcu.externaltools.arm-none.win32_1.17.0.201812190825/tools/compiler/bin/../lib/gcc/arm-none-eabi/7.3.1/thumb/v7e-m/fpv4-sp/hard/crtbegin.o
 .text          0x00000000       0x74 c:/ac6/systemworkbench/plugins/fr.ac6.mcu.externaltools.arm-none.win32_1.17.0.201812190825/tools/compiler/bin/../lib/gcc/arm-none-eabi/7.3.1/../../../../arm-none-eabi/lib/thumb/v7e-m/fpv4-sp/hard/crt0.o
 .data          0x00000000        0x0 c:/ac6/systemworkbench/plugins/fr.ac6.mcu.externaltools.arm-none.win32_1.17.0.201812190825/tools/compiler/bin/../lib/gcc/arm-none-eabi/7.3.1/../../../../arm-none-eabi/lib/thumb/v7e-m/fpv4-sp/hard/crt0.o
 .bss           0x00000000        0x0 c:/ac6/systemworkbench/plugins/fr.ac6.mcu.externaltools.arm-none.win32_1.17.0.201812190825/tools/compiler/bin/../lib/gcc/arm-none-eabi/7.3.1/../../../../arm-none-eabi/lib/thumb/v7e-m/fpv4-sp/hard/crt0.o
 .ARM.extab     0x00000000        0x0 c:/ac6/systemworkbench/plugins/fr.ac6.mcu.externaltools.arm-none.win32_1.17.0.201812190825/tools/compiler/bin/../lib/gcc/arm-none-eabi/7.3.1/../../../../arm-none-eabi/lib/thumb/v7e-m/fpv4-sp/hard/crt0.o
[...]
Memory Configuration

Name             Origin             Length             Attributes
RAM              0x20000000         0x00018000         xrw
RAM2             0x10000000         0x00008000         xrw
FLASH            0x08000000         0x00100000         xr
*default*        0x00000000         0xffffffff

Linker script and memory map

LOAD c:/ac6/systemworkbench/plugins/fr.ac6.mcu.externaltools.arm-none.win32_1.17.0.201812190825/tools/compiler/bin/../lib/gcc/arm-none-eabi/7.3.1/thumb/v7e-m/fpv4-sp/hard/crti.o
LOAD c:/ac6/systemworkbench/plugins/fr.ac6.mcu.externaltools.arm-none.win32_1.17.0.201812190825/tools/compiler/bin/../lib/gcc/arm-none-eabi/7.3.1/thumb/v7e-m/fpv4-sp/hard/crtbegin.o
LOAD c:/ac6/systemworkbench/plugins/fr.ac6.mcu.externaltools.arm-none.win32_1.17.0.201812190825/tools/compiler/bin/../lib/gcc/arm-none-eabi/7.3.1/../../../../arm-none-eabi/lib/thumb/v7e-m/fpv4-sp/hard/crt0.o
LOAD Core/Src/GFX_FUNCTIONS.o
LOAD Core/Src/ST7735.o
LOAD Core/Src/fonts.o
LOAD Core/Src/main.o
LOAD Core/Src/stm32l4xx_hal_msp.o
LOAD Core/Src/stm32l4xx_it.o
LOAD Core/Src/syscalls.o
LOAD Core/Src/system_stm32l4xx.o
LOAD Drivers/STM32L4xx_HAL_Driver/Src/stm32l4xx_hal.o
LOAD Drivers/STM32L4xx_HAL_Driver/Src/stm32l4xx_hal_cortex.o
LOAD Drivers/STM32L4xx_HAL_Driver/Src/stm32l4xx_hal_dma.o
LOAD Drivers/STM32L4xx_HAL_Driver/Src/stm32l4xx_hal_dma_ex.o
LOAD Drivers/STM32L4xx_HAL_Driver/Src/stm32l4xx_hal_exti.o
LOAD Drivers/STM32L4xx_HAL_Driver/Src/stm32l4xx_hal_flash.o
LOAD Drivers/STM32L4xx_HAL_Driver/Src/stm32l4xx_hal_flash_ex.o
LOAD Drivers/STM32L4xx_HAL_Driver/Src/stm32l4xx_hal_flash_ramfunc.o
LOAD Drivers/STM32L4xx_HAL_Driver/Src/stm32l4xx_hal_gpio.o
LOAD Drivers/STM32L4xx_HAL_Driver/Src/stm32l4xx_hal_i2c.o
LOAD Drivers/STM32L4xx_HAL_Driver/Src/stm32l4xx_hal_i2c_ex.o
LOAD Drivers/STM32L4xx_HAL_Driver/Src/stm32l4xx_hal_pwr.o
LOAD Drivers/STM32L4xx_HAL_Driver/Src/stm32l4xx_hal_pwr_ex.o
LOAD Drivers/STM32L4xx_HAL_Driver/Src/stm32l4xx_hal_rcc.o
LOAD Drivers/STM32L4xx_HAL_Driver/Src/stm32l4xx_hal_rcc_ex.o
LOAD Drivers/STM32L4xx_HAL_Driver/Src/stm32l4xx_hal_spi.o
LOAD Drivers/STM32L4xx_HAL_Driver/Src/stm32l4xx_hal_spi_ex.o
LOAD Drivers/STM32L4xx_HAL_Driver/Src/stm32l4xx_hal_tim.o
LOAD Drivers/STM32L4xx_HAL_Driver/Src/stm32l4xx_hal_tim_ex.o
LOAD startup/startup_stm32l476xx.o
LOAD c:/ac6/systemworkbench/plugins/fr.ac6.mcu.externaltools.arm-none.win32_1.17.0.201812190825/tools/compiler/bin/../lib/gcc/arm-none-eabi/7.3.1/../../../../arm-none-eabi/lib/thumb/v7e-m/fpv4-sp/hard\libm.a
START GROUP
LOAD c:/ac6/systemworkbench/plugins/fr.ac6.mcu.externaltools.arm-none.win32_1.17.0.201812190825/tools/compiler/bin/../lib/gcc/arm-none-eabi/7.3.1/thumb/v7e-m/fpv4-sp/hard\libgcc.a
LOAD c:/ac6/systemworkbench/plugins/fr.ac6.mcu.externaltools.arm-none.win32_1.17.0.201812190825/tools/compiler/bin/../lib/gcc/arm-none-eabi/7.3.1/../../../../arm-none-eabi/lib/thumb/v7e-m/fpv4-sp/hard\libc_nano.a
END GROUP
START GROUP
LOAD c:/ac6/systemworkbench/plugins/fr.ac6.mcu.externaltools.arm-none.win32_1.17.0.201812190825/tools/compiler/bin/../lib/gcc/arm-none-eabi/7.3.1/thumb/v7e-m/fpv4-sp/hard\libgcc.a
LOAD c:/ac6/systemworkbench/plugins/fr.ac6.mcu.externaltools.arm-none.win32_1.17.0.201812190825/tools/compiler/bin/../lib/gcc/arm-none-eabi/7.3.1/../../../../arm-none-eabi/lib/thumb/v7e-m/fpv4-sp/hard\libc_nano.a
LOAD c:/ac6/systemworkbench/plugins/fr.ac6.mcu.externaltools.arm-none.win32_1.17.0.201812190825/tools/compiler/bin/../lib/gcc/arm-none-eabi/7.3.1/../../../../arm-none-eabi/lib/thumb/v7e-m/fpv4-sp/hard\libnosys.a
END GROUP
START GROUP
LOAD c:/ac6/systemworkbench/plugins/fr.ac6.mcu.externaltools.arm-none.win32_1.17.0.201812190825/tools/compiler/bin/../lib/gcc/arm-none-eabi/7.3.1/thumb/v7e-m/fpv4-sp/hard\libgcc.a
LOAD c:/ac6/systemworkbench/plugins/fr.ac6.mcu.externaltools.arm-none.win32_1.17.0.201812190825/tools/compiler/bin/../lib/gcc/arm-none-eabi/7.3.1/../../../../arm-none-eabi/lib/thumb/v7e-m/fpv4-sp/hard\libc_nano.a
LOAD c:/ac6/systemworkbench/plugins/fr.ac6.mcu.externaltools.arm-none.win32_1.17.0.201812190825/tools/compiler/bin/../lib/gcc/arm-none-eabi/7.3.1/../../../../arm-none-eabi/lib/thumb/v7e-m/fpv4-sp/hard\libnosys.a
END GROUP
LOAD c:/ac6/systemworkbench/plugins/fr.ac6.mcu.externaltools.arm-none.win32_1.17.0.201812190825/tools/compiler/bin/../lib/gcc/arm-none-eabi/7.3.1/thumb/v7e-m/fpv4-sp/hard/crtend.o
LOAD c:/ac6/systemworkbench/plugins/fr.ac6.mcu.externaltools.arm-none.win32_1.17.0.201812190825/tools/compiler/bin/../lib/gcc/arm-none-eabi/7.3.1/thumb/v7e-m/fpv4-sp/hard/crtn.o
                0x20018000                _estack = 0x20018000
                0x00000200                _Min_Heap_Size = 0x200
                0x00000400                _Min_Stack_Size = 0x400

.isr_vector     0x08000000      0x188
                0x08000000                . = ALIGN (0x8)
 *(.isr_vector)
 .isr_vector    0x08000000      0x188 startup/startup_stm32l476xx.o
                0x08000000                g_pfnVectors
                0x08000188                . = ALIGN (0x8)

.text           0x08000188     0x2780
                0x08000188                . = ALIGN (0x8)
 *(.text)
 .text          0x08000188       0x40 c:/ac6/systemworkbench/plugins/fr.ac6.mcu.externaltools.arm-none.win32_1.17.0.201812190825/tools/compiler/bin/../lib/gcc/arm-none-eabi/7.3.1/thumb/v7e-m/fpv4-sp/hard/crtbegin.o
 *(.text*)
 .text.drawPixel
                0x080001c8        0xc Core/Src/GFX_FUNCTIONS.o
                0x080001c8                drawPixel
 .text.fillRect
                0x080001d4       0x1a Core/Src/GFX_FUNCTIONS.o
                0x080001d4                fillRect
 .text.writePixel
                0x080001ee        0x8 Core/Src/GFX_FUNCTIONS.o
                0x080001ee                writePixel
 .text.writeLine
                0x080001f6       0xc0 Core/Src/GFX_FUNCTIONS.o
                0x080001f6                writeLine
 .text.drawFastVLine
                0x080002b6       0x1a Core/Src/GFX_FUNCTIONS.o
                0x080002b6                drawFastVLine
 .text.drawFastHLine
                0x080002d0       0x1a Core/Src/GFX_FUNCTIONS.o
                0x080002d0                drawFastHLine
 .text.drawLine
                0x080002ea       0x56 Core/Src/GFX_FUNCTIONS.o
                0x080002ea                drawLine
 .text.drawCircle
                0x08000340      0x134 Core/Src/GFX_FUNCTIONS.o
                0x08000340                drawCircle
 .text.drawCircleHelper
                0x08000474      0x144 Core/Src/GFX_FUNCTIONS.o
                0x08000474                drawCircleHelper
 .text.fillCircleHelper
                0x080005b8      0x120 Core/Src/GFX_FUNCTIONS.o
                0x080005b8                fillCircleHelper
 .text.fillCircle
                0x080006d8       0x34 Core/Src/GFX_FUNCTIONS.o
                0x080006d8                fillCircle
 .text.drawRect
                0x0800070c       0x4c Core/Src/GFX_FUNCTIONS.o
                0x0800070c                drawRect
 .text.drawRoundRect
                0x08000758      0x100 Core/Src/GFX_FUNCTIONS.o
                0x08000758                drawRoundRect
 .text.fillRoundRect
                0x08000858       0x94 Core/Src/GFX_FUNCTIONS.o
                0x08000858                fillRoundRect
 .text.drawTriangle
                0x080008ec       0x42 Core/Src/GFX_FUNCTIONS.o
                0x080008ec                drawTriangle
 .text.fillTriangle
                0x0800092e      0x17a Core/Src/GFX_FUNCTIONS.o
                0x0800092e                fillTriangle
 .text.fillScreen
                0x08000aa8       0x28 Core/Src/GFX_FUNCTIONS.o
                0x08000aa8                fillScreen
 .text.testLines
                0x08000ad0      0x128 Core/Src/GFX_FUNCTIONS.o
                0x08000ad0                testLines
 .text.testFastLines
                0x08000bf8       0x58 Core/Src/GFX_FUNCTIONS.o
                0x08000bf8                testFastLines
 .text.testRects
                0x08000c50       0x68 Core/Src/GFX_FUNCTIONS.o
                0x08000c50                testRects
 .text.testFilledRects
                0x08000cb8       0x8c Core/Src/GFX_FUNCTIONS.o
                0x08000cb8                testFilledRects
 .text.testFilledCircles
                0x08000d44       0x4c Core/Src/GFX_FUNCTIONS.o
                0x08000d44                testFilledCircles
 .text.testCircles
                0x08000d90       0x48 Core/Src/GFX_FUNCTIONS.o
                0x08000d90                testCircles
 .text.testTriangles
                0x08000dd8       0x70 Core/Src/GFX_FUNCTIONS.o
                0x08000dd8                testTriangles
 .text.testFilledTriangles
                0x08000e48       0xb8 Core/Src/GFX_FUNCTIONS.o
                0x08000e48                testFilledTriangles
 .text.testRoundRects
                0x08000f00       0x94 Core/Src/GFX_FUNCTIONS.o
                0x08000f00                testRoundRects
 .text.testFilledRoundRects
                0x08000f94       0x94 Core/Src/GFX_FUNCTIONS.o
                0x08000f94                testFilledRoundRects
 .text.testFillScreen
                0x08001028       0x26 Core/Src/GFX_FUNCTIONS.o
                0x08001028                testFillScreen
 .text.testAll  0x0800104e       0x52 Core/Src/GFX_FUNCTIONS.o
                0x0800104e                testAll
 .text.ST7735_Select
                0x080010a0       0x14 Core/Src/ST7735.o
                0x080010a0                ST7735_Select
 .text.ST7735_Unselect
                0x080010b4       0x14 Core/Src/ST7735.o
                0x080010b4                ST7735_Unselect
 .text.ST7735_Reset
                0x080010c8       0x24 Core/Src/ST7735.o
                0x080010c8                ST7735_Reset
 .text.ST7735_WriteCommand
                0x080010ec       0x30 Core/Src/ST7735.o
                0x080010ec                ST7735_WriteCommand
 .text.ST7735_WriteData
                0x0800111c       0x28 Core/Src/ST7735.o
                0x0800111c                ST7735_WriteData
 .text.DisplayInit
                0x08001144       0x4c Core/Src/ST7735.o
                0x08001144                DisplayInit
 .text.ST7735_SetAddressWindow
                0x08001190       0x68 Core/Src/ST7735.o
                0x08001190                ST7735_SetAddressWindow
 .text.ST7735_SetRotation
                0x080011f8       0xd8 Core/Src/ST7735.o
                0x080011f8                ST7735_SetRotation
 .text.ST7735_Init
                0x080012d0       0x48 Core/Src/ST7735.o
                0x080012d0                ST7735_Init
 .text.ST7735_DrawPixel
                0x08001318       0x58 Core/Src/ST7735.o
                0x08001318                ST7735_DrawPixel
 .text.ST7735_FillRectangle
                0x08001370       0xb0 Core/Src/ST7735.o
                0x08001370                ST7735_FillRectangle
 .text.MX_GPIO_Init
                0x08001420       0xcc Core/Src/main.o
 .text.Error_Handler
                0x080014ec        0x4 Core/Src/main.o
                0x080014ec                Error_Handler
 .text.MX_SPI1_Init
                0x080014f0       0x48 Core/Src/main.o
 .text.SystemClock_Config
                0x08001538       0x60 Core/Src/main.o
                0x08001538                SystemClock_Config
 .text.main     0x08001598       0x24 Core/Src/main.o
                0x08001598                main
 .text.HAL_MspInit
                0x080015bc       0x30 Core/Src/stm32l4xx_hal_msp.o
                0x080015bc                HAL_MspInit
 .text.HAL_SPI_MspInit
                0x080015ec       0x68 Core/Src/stm32l4xx_hal_msp.o
                0x080015ec                HAL_SPI_MspInit
 .text.NMI_Handler
                0x08001654        0x2 Core/Src/stm32l4xx_it.o
                0x08001654                NMI_Handler
 .text.HardFault_Handler
                0x08001656        0x2 Core/Src/stm32l4xx_it.o
                0x08001656                HardFault_Handler
 .text.MemManage_Handler
                0x08001658        0x2 Core/Src/stm32l4xx_it.o
                0x08001658                MemManage_Handler
 .text.BusFault_Handler
                0x0800165a        0x2 Core/Src/stm32l4xx_it.o
                0x0800165a                BusFault_Handler
 .text.UsageFault_Handler
                0x0800165c        0x2 Core/Src/stm32l4xx_it.o
                0x0800165c                UsageFault_Handler
 .text.SVC_Handler
                0x0800165e        0x2 Core/Src/stm32l4xx_it.o
                0x0800165e                SVC_Handler
 .text.DebugMon_Handler
                0x08001660        0x2 Core/Src/stm32l4xx_it.o
                0x08001660                DebugMon_Handler
 .text.PendSV_Handler
                0x08001662        0x2 Core/Src/stm32l4xx_it.o
                0x08001662                PendSV_Handler
 .text.SysTick_Handler
                0x08001664        0x8 Core/Src/stm32l4xx_it.o
                0x08001664                SysTick_Handler
 .text.SystemInit
                0x0800166c       0x48 Core/Src/system_stm32l4xx.o
                0x0800166c                SystemInit
 .text.HAL_InitTick
                0x080016b4       0x4c Drivers/STM32L4xx_HAL_Driver/Src/stm32l4xx_hal.o
                0x080016b4                HAL_InitTick
 .text.HAL_Init
                0x08001700       0x1e Drivers/STM32L4xx_HAL_Driver/Src/stm32l4xx_hal.o
                0x08001700                HAL_Init
 *fill*         0x0800171e        0x2 
 .text.HAL_IncTick
                0x08001720       0x18 Drivers/STM32L4xx_HAL_Driver/Src/stm32l4xx_hal.o
                0x08001720                HAL_IncTick
 .text.HAL_GetTick
                0x08001738        0xc Drivers/STM32L4xx_HAL_Driver/Src/stm32l4xx_hal.o
                0x08001738                HAL_GetTick
 .text.HAL_Delay
                0x08001744       0x28 Drivers/STM32L4xx_HAL_Driver/Src/stm32l4xx_hal.o
                0x08001744                HAL_Delay
 .text.HAL_NVIC_SetPriorityGrouping
                0x0800176c       0x24 Drivers/STM32L4xx_HAL_Driver/Src/stm32l4xx_hal_cortex.o
                0x0800176c                HAL_NVIC_SetPriorityGrouping
 .text.HAL_NVIC_SetPriority
                0x08001790       0x68 Drivers/STM32L4xx_HAL_Driver/Src/stm32l4xx_hal_cortex.o
                0x08001790                HAL_NVIC_SetPriority
 .text.HAL_SYSTICK_Config
                0x080017f8       0x2c Drivers/STM32L4xx_HAL_Driver/Src/stm32l4xx_hal_cortex.o
                0x080017f8                HAL_SYSTICK_Config
 .text.HAL_GPIO_Init
                0x08001824      0x1c8 Drivers/STM32L4xx_HAL_Driver/Src/stm32l4xx_hal_gpio.o
                0x08001824                HAL_GPIO_Init
 .text.HAL_GPIO_WritePin
                0x080019ec        0xa Drivers/STM32L4xx_HAL_Driver/Src/stm32l4xx_hal_gpio.o
                0x080019ec                HAL_GPIO_WritePin
 *fill*         0x080019f6        0x2 
 .text.HAL_PWREx_GetVoltageRange
                0x080019f8       0x10 Drivers/STM32L4xx_HAL_Driver/Src/stm32l4xx_hal_pwr_ex.o
                0x080019f8                HAL_PWREx_GetVoltageRange
 .text.HAL_PWREx_ControlVoltageScaling
                0x08001a08       0x90 Drivers/STM32L4xx_HAL_Driver/Src/stm32l4xx_hal_pwr_ex.o
                0x08001a08                HAL_PWREx_ControlVoltageScaling
 .text.RCC_SetFlashLatencyFromMSIRange
                0x08001a98       0x90 Drivers/STM32L4xx_HAL_Driver/Src/stm32l4xx_hal_rcc.o
 .text.HAL_RCC_GetSysClockFreq
                0x08001b28       0xb4 Drivers/STM32L4xx_HAL_Driver/Src/stm32l4xx_hal_rcc.o
                0x08001b28                HAL_RCC_GetSysClockFreq
 .text.HAL_RCC_OscConfig
                0x08001bdc      0x638 Drivers/STM32L4xx_HAL_Driver/Src/stm32l4xx_hal_rcc.o
                0x08001bdc                HAL_RCC_OscConfig
 .text.HAL_RCC_ClockConfig
                0x08002214      0x158 Drivers/STM32L4xx_HAL_Driver/Src/stm32l4xx_hal_rcc.o
                0x08002214                HAL_RCC_ClockConfig
 .text.SPI_WaitFlagStateUntilTimeout
                0x0800236c       0xd0 Drivers/STM32L4xx_HAL_Driver/Src/stm32l4xx_hal_spi.o
 .text.SPI_WaitFifoStateUntilTimeout
                0x0800243c       0xdc Drivers/STM32L4xx_HAL_Driver/Src/stm32l4xx_hal_spi.o
 .text.SPI_EndRxTxTransaction
                0x08002518       0x66 Drivers/STM32L4xx_HAL_Driver/Src/stm32l4xx_hal_spi.o
 .text.HAL_SPI_Init
                0x0800257e       0xde Drivers/STM32L4xx_HAL_Driver/Src/stm32l4xx_hal_spi.o
                0x0800257e                HAL_SPI_Init
 .text.HAL_SPI_Transmit
                0x0800265c      0x1e6 Drivers/STM32L4xx_HAL_Driver/Src/stm32l4xx_hal_spi.o
                0x0800265c                HAL_SPI_Transmit
 *fill*         0x08002842        0x2 
 .text.Reset_Handler
                0x08002844       0x50 startup/startup_stm32l476xx.o
                0x08002844                Reset_Handler
 .text.Default_Handler
                0x08002894        0x2 startup/startup_stm32l476xx.o
                0x08002894                RTC_Alarm_IRQHandler
                0x08002894                EXTI2_IRQHandler
                0x08002894                TIM8_TRG_COM_IRQHandler
                0x08002894                TIM8_CC_IRQHandler
                0x08002894                TIM1_CC_IRQHandler
                0x08002894                TSC_IRQHandler
                0x08002894                TAMP_STAMP_IRQHandler
                0x08002894                EXTI3_IRQHandler
                0x08002894                LPTIM2_IRQHandler
                0x08002894                DFSDM1_FLT1_IRQHandler
                0x08002894                I2C3_ER_IRQHandler
                0x08002894                DFSDM1_FLT2_IRQHandler
                0x08002894                EXTI0_IRQHandler
                0x08002894                I2C2_EV_IRQHandler
                0x08002894                CAN1_RX0_IRQHandler
                0x08002894                FPU_IRQHandler
                0x08002894                TIM1_UP_TIM16_IRQHandler
                0x08002894                ADC1_2_IRQHandler
                0x08002894                SPI1_IRQHandler
                0x08002894                TIM6_DAC_IRQHandler
                0x08002894                TIM8_UP_IRQHandler
                0x08002894                DMA2_Channel2_IRQHandler
                0x08002894                DMA1_Channel4_IRQHandler
                0x08002894                SAI2_IRQHandler
                0x08002894                DFSDM1_FLT3_IRQHandler
                0x08002894                USART3_IRQHandler
                0x08002894                DMA1_Channel7_IRQHandler
                0x08002894                CAN1_RX1_IRQHandler
                0x08002894                LCD_IRQHandler
                0x08002894                UART5_IRQHandler
                0x08002894                ADC3_IRQHandler
                0x08002894                TIM4_IRQHandler
                0x08002894                DMA2_Channel1_IRQHandler
                0x08002894                QUADSPI_IRQHandler
                0x08002894                I2C1_EV_IRQHandler
                0x08002894                DMA1_Channel6_IRQHandler
                0x08002894                UART4_IRQHandler
                0x08002894                DMA2_Channel4_IRQHandler
                0x08002894                TIM3_IRQHandler
                0x08002894                RCC_IRQHandler
                0x08002894                DMA1_Channel1_IRQHandler
                0x08002894                Default_Handler
                0x08002894                DMA2_Channel7_IRQHandler
                0x08002894                EXTI15_10_IRQHandler
                0x08002894                TIM7_IRQHandler
                0x08002894                SDMMC1_IRQHandler
                0x08002894                TIM5_IRQHandler
                0x08002894                I2C3_EV_IRQHandler
                0x08002894                EXTI9_5_IRQHandler
                0x08002894                RTC_WKUP_IRQHandler
                0x08002894                PVD_PVM_IRQHandler
                0x08002894                SPI2_IRQHandler
                0x08002894                CAN1_TX_IRQHandler
                0x08002894                DMA2_Channel5_IRQHandler
                0x08002894                DMA1_Channel5_IRQHandler
                0x08002894                EXTI4_IRQHandler
                0x08002894                RNG_IRQHandler
                0x08002894                TIM1_TRG_COM_TIM17_IRQHandler
                0x08002894                DMA1_Channel3_IRQHandler
                0x08002894                COMP_IRQHandler
                0x08002894                WWDG_IRQHandler
                0x08002894                LPUART1_IRQHandler
                0x08002894                DMA2_Channel6_IRQHandler
                0x08002894                TIM2_IRQHandler
                0x08002894                EXTI1_IRQHandler
                0x08002894                USART2_IRQHandler
                0x08002894                DFSDM1_FLT0_IRQHandler
                0x08002894                I2C2_ER_IRQHandler
                0x08002894                DMA1_Channel2_IRQHandler
                0x08002894                TIM8_BRK_IRQHandler
                0x08002894                CAN1_SCE_IRQHandler
                0x08002894                FLASH_IRQHandler
                0x08002894                USART1_IRQHandler
                0x08002894                OTG_FS_IRQHandler
                0x08002894                SPI3_IRQHandler
                0x08002894                I2C1_ER_IRQHandler
                0x08002894                FMC_IRQHandler
                0x08002894                SWPMI1_IRQHandler
                0x08002894                LPTIM1_IRQHandler
                0x08002894                SAI1_IRQHandler
                0x08002894                DMA2_Channel3_IRQHandler
                0x08002894                TIM1_BRK_TIM15_IRQHandler
 *fill*         0x08002896        0x2 
 .text.__libc_init_array
                0x08002898       0x48 c:/ac6/systemworkbench/plugins/fr.ac6.mcu.externaltools.arm-none.win32_1.17.0.201812190825/tools/compiler/bin/../lib/gcc/arm-none-eabi/7.3.1/../../../../arm-none-eabi/lib/thumb/v7e-m/fpv4-sp/hard\libc_nano.a(lib_a-init.o)
                0x08002898                __libc_init_array
 .text.memset   0x080028e0       0x10 c:/ac6/systemworkbench/plugins/fr.ac6.mcu.externaltools.arm-none.win32_1.17.0.201812190825/tools/compiler/bin/../lib/gcc/arm-none-eabi/7.3.1/../../../../arm-none-eabi/lib/thumb/v7e-m/fpv4-sp/hard\libc_nano.a(lib_a-memset.o)
                0x080028e0                memset
 *(.glue_7)
 .glue_7        0x080028f0        0x0 linker stubs
 *(.glue_7t)
 .glue_7t       0x080028f0        0x0 linker stubs
 *(.eh_frame)
 .eh_frame      0x080028f0        0x0 c:/ac6/systemworkbench/plugins/fr.ac6.mcu.externaltools.arm-none.win32_1.17.0.201812190825/tools/compiler/bin/../lib/gcc/arm-none-eabi/7.3.1/thumb/v7e-m/fpv4-sp/hard/crtbegin.o
 *(.init)
 .init          0x080028f0        0x4 c:/ac6/systemworkbench/plugins/fr.ac6.mcu.externaltools.arm-none.win32_1.17.0.201812190825/tools/compiler/bin/../lib/gcc/arm-none-eabi/7.3.1/thumb/v7e-m/fpv4-sp/hard/crti.o
                0x080028f0                _init
 .init          0x080028f4        0x8 c:/ac6/systemworkbench/plugins/fr.ac6.mcu.externaltools.arm-none.win32_1.17.0.201812190825/tools/compiler/bin/../lib/gcc/arm-none-eabi/7.3.1/thumb/v7e-m/fpv4-sp/hard/crtn.o
 *(.fini)
 .fini          0x080028fc        0x4 c:/ac6/systemworkbench/plugins/fr.ac6.mcu.externaltools.arm-none.win32_1.17.0.201812190825/tools/compiler/bin/../lib/gcc/arm-none-eabi/7.3.1/thumb/v7e-m/fpv4-sp/hard/crti.o
                0x080028fc                _fini
 .fini          0x08002900        0x8 c:/ac6/systemworkbench/plugins/fr.ac6.mcu.externaltools.arm-none.win32_1.17.0.201812190825/tools/compiler/bin/../lib/gcc/arm-none-eabi/7.3.1/thumb/v7e-m/fpv4-sp/hard/crtn.o
                0x08002908                . = ALIGN (0x8)
                0x08002908                _etext = .

.vfp11_veneer   0x08002908        0x0
 .vfp11_veneer  0x08002908        0x0 linker stubs

.v4_bx          0x08002908        0x0
 .v4_bx         0x08002908        0x0 linker stubs

.iplt           0x08002908        0x0
 .iplt          0x08002908        0x0 c:/ac6/systemworkbench/plugins/fr.ac6.mcu.externaltools.arm-none.win32_1.17.0.201812190825/tools/compiler/bin/../lib/gcc/arm-none-eabi/7.3.1/thumb/v7e-m/fpv4-sp/hard/crtbegin.o

.rodata         0x08002908       0xc0
                0x08002908                . = ALIGN (0x8)
 *(.rodata)
 .rodata        0x08002908       0x73 Core/Src/ST7735.o
                0x08002908                init_cmds1
                0x08002940                init_cmds2
                0x08002950                init_cmds3
 *fill*         0x0800297b        0x1 
 .rodata        0x0800297c       0x48 Core/Src/system_stm32l4xx.o
                0x0800297c                MSIRangeTable
                0x080029ac                AHBPrescTable
                0x080029bc                APBPrescTable
 *(.rodata*)
                0x080029c8                . = ALIGN (0x8)
 *fill*         0x080029c4        0x4 

.rel.dyn        0x080029c8        0x0
 .rel.iplt      0x080029c8        0x0 c:/ac6/systemworkbench/plugins/fr.ac6.mcu.externaltools.arm-none.win32_1.17.0.201812190825/tools/compiler/bin/../lib/gcc/arm-none-eabi/7.3.1/thumb/v7e-m/fpv4-sp/hard/crtbegin.o

.ARM.extab      0x080029c8        0x0
                0x080029c8                . = ALIGN (0x8)
 *(.ARM.extab* .gnu.linkonce.armextab.*)
                0x080029c8                . = ALIGN (0x8)

.ARM            0x080029c8        0x0
                0x080029c8                . = ALIGN (0x8)
                0x080029c8                __exidx_start = .
 *(.ARM.exidx*)
                0x080029c8                __exidx_end = .
                0x080029c8                . = ALIGN (0x8)

.preinit_array  0x080029c8        0x0
                0x080029c8                . = ALIGN (0x8)
                0x080029c8                PROVIDE (__preinit_array_start = .)
 *(.preinit_array*)
                0x080029c8                PROVIDE (__preinit_array_end = .)
                0x080029c8                . = ALIGN (0x8)

.init_array     0x080029c8        0x8
                0x080029c8                . = ALIGN (0x8)
                0x080029c8                PROVIDE (__init_array_start = .)
 *(SORT_BY_NAME(.init_array.*))
 *(.init_array*)
 .init_array    0x080029c8        0x4 c:/ac6/systemworkbench/plugins/fr.ac6.mcu.externaltools.arm-none.win32_1.17.0.201812190825/tools/compiler/bin/../lib/gcc/arm-none-eabi/7.3.1/thumb/v7e-m/fpv4-sp/hard/crtbegin.o
                0x080029cc                PROVIDE (__init_array_end = .)
                0x080029d0                . = ALIGN (0x8)
 *fill*         0x080029cc        0x4 

.fini_array     0x080029d0        0x8
                0x080029d0                . = ALIGN (0x8)
                [!provide]                PROVIDE (__fini_array_start = .)
 *(SORT_BY_NAME(.fini_array.*))
 *(.fini_array*)
 .fini_array    0x080029d0        0x4 c:/ac6/systemworkbench/plugins/fr.ac6.mcu.externaltools.arm-none.win32_1.17.0.201812190825/tools/compiler/bin/../lib/gcc/arm-none-eabi/7.3.1/thumb/v7e-m/fpv4-sp/hard/crtbegin.o
                [!provide]                PROVIDE (__fini_array_end = .)
                0x080029d8                . = ALIGN (0x8)
 *fill*         0x080029d4        0x4 
                0x080029d8                _sidata = LOADADDR (.data)

.data           0x20000000       0x10 load address 0x080029d8
                0x20000000                . = ALIGN (0x8)
                0x20000000                _sdata = .
 *(.data)
 .data          0x20000000        0x4 Core/Src/system_stm32l4xx.o
                0x20000000                SystemCoreClock
 .data          0x20000004        0x8 Drivers/STM32L4xx_HAL_Driver/Src/stm32l4xx_hal.o
                0x20000004                uwTickFreq
                0x20000008                uwTickPrio
 *(.data*)
                0x20000010                . = ALIGN (0x8)
 *fill*         0x2000000c        0x4 
                0x20000010                _edata = .

.igot.plt       0x20000010        0x0 load address 0x080029e8
 .igot.plt      0x20000010        0x0 c:/ac6/systemworkbench/plugins/fr.ac6.mcu.externaltools.arm-none.win32_1.17.0.201812190825/tools/compiler/bin/../lib/gcc/arm-none-eabi/7.3.1/thumb/v7e-m/fpv4-sp/hard/crtbegin.o
                0x20000010                . = ALIGN (0x4)

.bss            0x20000010       0x94 load address 0x080029e8
                0x20000010                _sbss = .
                0x20000010                __bss_start__ = _sbss
 *(.bss)
 .bss           0x20000010       0x1c c:/ac6/systemworkbench/plugins/fr.ac6.mcu.externaltools.arm-none.win32_1.17.0.201812190825/tools/compiler/bin/../lib/gcc/arm-none-eabi/7.3.1/thumb/v7e-m/fpv4-sp/hard/crtbegin.o
 *(.bss*)
 *(COMMON)
 COMMON         0x2000002c        0xe Core/Src/GFX_FUNCTIONS.o
                0x2000002c                _xstart
                0x2000002d                _colstart
                0x2000002e                cursor_y
                0x20000030                _ystart
                0x20000031                _rowstart
                0x20000032                rotation
                0x20000034                _width
                0x20000036                cursor_x
                0x20000038                _height
 *fill*         0x2000003a        0x2 
 COMMON         0x2000003c       0x64 Core/Src/main.o
                0x2000003c                hspi1
 COMMON         0x200000a0        0x4 Drivers/STM32L4xx_HAL_Driver/Src/stm32l4xx_hal.o
                0x200000a0                uwTick
                0x200000a4                . = ALIGN (0x4)
                0x200000a4                _ebss = .
                0x200000a4                __bss_end__ = _ebss

._user_heap_stack
                0x200000a4      0x604 load address 0x080029e8
                0x200000a8                . = ALIGN (0x8)
 *fill*         0x200000a4        0x4 
                0x200000a8                PROVIDE (end = .)
                [!provide]                PROVIDE (_end = .)
                0x200002a8                . = (. + _Min_Heap_Size)
 *fill*         0x200000a8      0x200 
                0x200006a8                . = (. + _Min_Stack_Size)
 *fill*         0x200002a8      0x400 
                0x200006a8                . = ALIGN (0x8)

/DISCARD/
 libc.a(*)
 libm.a(*)
 libgcc.a(*)

.ARM.attributes
                0x00000000       0x30
 *(.ARM.attributes)
 .ARM.attributes
                0x00000000       0x22 c:/ac6/systemworkbench/plugins/fr.ac6.mcu.externaltools.arm-none.win32_1.17.0.201812190825/tools/compiler/bin/../lib/gcc/arm-none-eabi/7.3.1/thumb/v7e-m/fpv4-sp/hard/crti.o
 .ARM.attributes
                0x00000022       0x34 c:/ac6/systemworkbench/plugins/fr.ac6.mcu.externaltools.arm-none.win32_1.17.0.201812190825/tools/compiler/bin/../lib/gcc/arm-none-eabi/7.3.1/thumb/v7e-m/fpv4-sp/hard/crtbegin.o
 .ARM.attributes
                0x00000056       0x39 Core/Src/GFX_FUNCTIONS.o
 .ARM.attributes
                0x0000008f       0x39 Core/Src/ST7735.o
 .ARM.attributes
                0x000000c8       0x39 Core/Src/main.o
 .ARM.attributes
                0x00000101       0x39 Core/Src/stm32l4xx_hal_msp.o
 .ARM.attributes
                0x0000013a       0x39 Core/Src/stm32l4xx_it.o
 .ARM.attributes
                0x00000173       0x39 Core/Src/system_stm32l4xx.o
 .ARM.attributes
                0x000001ac       0x39 Drivers/STM32L4xx_HAL_Driver/Src/stm32l4xx_hal.o
 .ARM.attributes
                0x000001e5       0x39 Drivers/STM32L4xx_HAL_Driver/Src/stm32l4xx_hal_cortex.o
 .ARM.attributes
                0x0000021e       0x39 Drivers/STM32L4xx_HAL_Driver/Src/stm32l4xx_hal_gpio.o
 .ARM.attributes
                0x00000257       0x39 Drivers/STM32L4xx_HAL_Driver/Src/stm32l4xx_hal_pwr_ex.o
 .ARM.attributes
                0x00000290       0x39 Drivers/STM32L4xx_HAL_Driver/Src/stm32l4xx_hal_rcc.o
 .ARM.attributes
                0x000002c9       0x39 Drivers/STM32L4xx_HAL_Driver/Src/stm32l4xx_hal_spi.o
 .ARM.attributes
                0x00000302       0x21 startup/startup_stm32l476xx.o
 .ARM.attributes
                0x00000323       0x34 c:/ac6/systemworkbench/plugins/fr.ac6.mcu.externaltools.arm-none.win32_1.17.0.201812190825/tools/compiler/bin/../lib/gcc/arm-none-eabi/7.3.1/../../../../arm-none-eabi/lib/thumb/v7e-m/fpv4-sp/hard\libc_nano.a(lib_a-init.o)
 .ARM.attributes
                0x00000357       0x34 c:/ac6/systemworkbench/plugins/fr.ac6.mcu.externaltools.arm-none.win32_1.17.0.201812190825/tools/compiler/bin/../lib/gcc/arm-none-eabi/7.3.1/../../../../arm-none-eabi/lib/thumb/v7e-m/fpv4-sp/hard\libc_nano.a(lib_a-memset.o)
 .ARM.attributes
                0x0000038b       0x22 c:/ac6/systemworkbench/plugins/fr.ac6.mcu.externaltools.arm-none.win32_1.17.0.201812190825/tools/compiler/bin/../lib/gcc/arm-none-eabi/7.3.1/thumb/v7e-m/fpv4-sp/hard/crtn.o
OUTPUT(TFTLCD2.elf elf32-littlearm)

.debug_info     0x00000000     0xc769
 .debug_info    0x00000000     0x2c14 Core/Src/GFX_FUNCTIONS.o
 .debug_info    0x00002c14     0x128a Core/Src/ST7735.o
 .debug_info    0x00003e9e     0x1039 Core/Src/main.o
 .debug_info    0x00004ed7      0xb5d Core/Src/stm32l4xx_hal_msp.o
 .debug_info    0x00005a34      0x363 Core/Src/stm32l4xx_it.o
 .debug_info    0x00005d97      0x72d Core/Src/system_stm32l4xx.o
 .debug_info    0x000064c4      0xce3 Drivers/STM32L4xx_HAL_Driver/Src/stm32l4xx_hal.o
 .debug_info    0x000071a7     0x10d1 Drivers/STM32L4xx_HAL_Driver/Src/stm32l4xx_hal_cortex.o
 .debug_info    0x00008278      0x9ca Drivers/STM32L4xx_HAL_Driver/Src/stm32l4xx_hal_gpio.o
 .debug_info    0x00008c42      0xbad Drivers/STM32L4xx_HAL_Driver/Src/stm32l4xx_hal_pwr_ex.o
 .debug_info    0x000097ef      0xf6d Drivers/STM32L4xx_HAL_Driver/Src/stm32l4xx_hal_rcc.o
 .debug_info    0x0000a75c     0x1feb Drivers/STM32L4xx_HAL_Driver/Src/stm32l4xx_hal_spi.o
 .debug_info    0x0000c747       0x22 startup/startup_stm32l476xx.o

.debug_abbrev   0x00000000     0x1939
 .debug_abbrev  0x00000000      0x343 Core/Src/GFX_FUNCTIONS.o
 .debug_abbrev  0x00000343      0x26d Core/Src/ST7735.o
 .debug_abbrev  0x000005b0      0x230 Core/Src/main.o
 .debug_abbrev  0x000007e0      0x19c Core/Src/stm32l4xx_hal_msp.o
 .debug_abbrev  0x0000097c      0x100 Core/Src/stm32l4xx_it.o
 .debug_abbrev  0x00000a7c      0x150 Core/Src/system_stm32l4xx.o
 .debug_abbrev  0x00000bcc      0x209 Drivers/STM32L4xx_HAL_Driver/Src/stm32l4xx_hal.o
 .debug_abbrev  0x00000dd5      0x328 Drivers/STM32L4xx_HAL_Driver/Src/stm32l4xx_hal_cortex.o
 .debug_abbrev  0x000010fd      0x1de Drivers/STM32L4xx_HAL_Driver/Src/stm32l4xx_hal_gpio.o
 .debug_abbrev  0x000012db      0x1f5 Drivers/STM32L4xx_HAL_Driver/Src/stm32l4xx_hal_pwr_ex.o
 .debug_abbrev  0x000014d0      0x21f Drivers/STM32L4xx_HAL_Driver/Src/stm32l4xx_hal_rcc.o
 .debug_abbrev  0x000016ef      0x238 Drivers/STM32L4xx_HAL_Driver/Src/stm32l4xx_hal_spi.o
 .debug_abbrev  0x00001927       0x12 startup/startup_stm32l476xx.o

.debug_loc      0x00000000     0x5626
 .debug_loc     0x00000000     0x17d4 Core/Src/GFX_FUNCTIONS.o
 .debug_loc     0x000017d4      0x63a Core/Src/ST7735.o
 .debug_loc     0x00001e0e       0x74 Core/Src/stm32l4xx_hal_msp.o
 .debug_loc     0x00001e82      0x1b8 Core/Src/system_stm32l4xx.o
 .debug_loc     0x0000203a      0x20b Drivers/STM32L4xx_HAL_Driver/Src/stm32l4xx_hal.o
 .debug_loc     0x00002245      0x5ce Drivers/STM32L4xx_HAL_Driver/Src/stm32l4xx_hal_cortex.o
 .debug_loc     0x00002813      0x2d3 Drivers/STM32L4xx_HAL_Driver/Src/stm32l4xx_hal_gpio.o
 .debug_loc     0x00002ae6      0x99a Drivers/STM32L4xx_HAL_Driver/Src/stm32l4xx_hal_pwr_ex.o
 .debug_loc     0x00003480      0x656 Drivers/STM32L4xx_HAL_Driver/Src/stm32l4xx_hal_rcc.o
 .debug_loc     0x00003ad6     0x1b50 Drivers/STM32L4xx_HAL_Driver/Src/stm32l4xx_hal_spi.o

.debug_aranges  0x00000000      0x890
 .debug_aranges
                0x00000000      0x100 Core/Src/GFX_FUNCTIONS.o
 .debug_aranges
                0x00000100       0x90 Core/Src/ST7735.o
 .debug_aranges
                0x00000190       0x40 Core/Src/main.o
 .debug_aranges
                0x000001d0       0x30 Core/Src/stm32l4xx_hal_msp.o
 .debug_aranges
                0x00000200       0x60 Core/Src/stm32l4xx_it.o
 .debug_aranges
                0x00000260       0x28 Core/Src/system_stm32l4xx.o
 .debug_aranges
                0x00000288      0x130 Drivers/STM32L4xx_HAL_Driver/Src/stm32l4xx_hal.o
 .debug_aranges
                0x000003b8       0xa8 Drivers/STM32L4xx_HAL_Driver/Src/stm32l4xx_hal_cortex.o
 .debug_aranges
                0x00000460       0x58 Drivers/STM32L4xx_HAL_Driver/Src/stm32l4xx_hal_gpio.o
 .debug_aranges
                0x000004b8      0x150 Drivers/STM32L4xx_HAL_Driver/Src/stm32l4xx_hal_pwr_ex.o
 .debug_aranges
                0x00000608       0x88 Drivers/STM32L4xx_HAL_Driver/Src/stm32l4xx_hal_rcc.o
 .debug_aranges
                0x00000690      0x1d8 Drivers/STM32L4xx_HAL_Driver/Src/stm32l4xx_hal_spi.o
 .debug_aranges
                0x00000868       0x28 startup/startup_stm32l476xx.o

.debug_ranges   0x00000000      0x858
 .debug_ranges  0x00000000       0xf0 Core/Src/GFX_FUNCTIONS.o
 .debug_ranges  0x000000f0       0x98 Core/Src/ST7735.o
 .debug_ranges  0x00000188       0x30 Core/Src/main.o
 .debug_ranges  0x000001b8       0x20 Core/Src/stm32l4xx_hal_msp.o
 .debug_ranges  0x000001d8       0x50 Core/Src/stm32l4xx_it.o
 .debug_ranges  0x00000228       0x18 Core/Src/system_stm32l4xx.o
 .debug_ranges  0x00000240      0x120 Drivers/STM32L4xx_HAL_Driver/Src/stm32l4xx_hal.o
 .debug_ranges  0x00000360       0xf8 Drivers/STM32L4xx_HAL_Driver/Src/stm32l4xx_hal_cortex.o
 .debug_ranges  0x00000458       0x48 Drivers/STM32L4xx_HAL_Driver/Src/stm32l4xx_hal_gpio.o
 .debug_ranges  0x000004a0      0x140 Drivers/STM32L4xx_HAL_Driver/Src/stm32l4xx_hal_pwr_ex.o
 .debug_ranges  0x000005e0       0x90 Drivers/STM32L4xx_HAL_Driver/Src/stm32l4xx_hal_rcc.o
 .debug_ranges  0x00000670      0x1c8 Drivers/STM32L4xx_HAL_Driver/Src/stm32l4xx_hal_spi.o
 .debug_ranges  0x00000838       0x20 startup/startup_stm32l476xx.o

.debug_macro    0x00000000    0x25692
 .debug_macro   0x00000000      0x2b3 Core/Src/GFX_FUNCTIONS.o
 .debug_macro   0x000002b3      0xa54 Core/Src/GFX_FUNCTIONS.o
 .debug_macro   0x00000d07       0x22 Core/Src/GFX_FUNCTIONS.o
 .debug_macro   0x00000d29       0x8e Core/Src/GFX_FUNCTIONS.o
 .debug_macro   0x00000db7       0x51 Core/Src/GFX_FUNCTIONS.o
 .debug_macro   0x00000e08       0xef Core/Src/GFX_FUNCTIONS.o
 .debug_macro   0x00000ef7       0x6a Core/Src/GFX_FUNCTIONS.o
 .debug_macro   0x00000f61      0x1df Core/Src/GFX_FUNCTIONS.o
 .debug_macro   0x00001140      0x1a7 Core/Src/GFX_FUNCTIONS.o
 .debug_macro   0x000012e7       0x2e Core/Src/GFX_FUNCTIONS.o
 .debug_macro   0x00001315       0x28 Core/Src/GFX_FUNCTIONS.o
 .debug_macro   0x0000133d       0x1c Core/Src/GFX_FUNCTIONS.o
 .debug_macro   0x00001359       0x22 Core/Src/GFX_FUNCTIONS.o
 .debug_macro   0x0000137b      0x101 Core/Src/GFX_FUNCTIONS.o
 .debug_macro   0x0000147c     0x1011 Core/Src/GFX_FUNCTIONS.o
 .debug_macro   0x0000248d      0x11f Core/Src/GFX_FUNCTIONS.o
 .debug_macro   0x000025ac    0x1a13d Core/Src/GFX_FUNCTIONS.o
 .debug_macro   0x0001c6e9       0x43 Core/Src/GFX_FUNCTIONS.o
 .debug_macro   0x0001c72c     0x3890 Core/Src/GFX_FUNCTIONS.o
 .debug_macro   0x0001ffbc      0x174 Core/Src/GFX_FUNCTIONS.o
 .debug_macro   0x00020130       0x5c Core/Src/GFX_FUNCTIONS.o
 .debug_macro   0x0002018c     0x155f Core/Src/GFX_FUNCTIONS.o
 .debug_macro   0x000216eb      0x59e Core/Src/GFX_FUNCTIONS.o
 .debug_macro   0x00021c89      0x13d Core/Src/GFX_FUNCTIONS.o
 .debug_macro   0x00021dc6      0x18b Core/Src/GFX_FUNCTIONS.o
 .debug_macro   0x00021f51      0x26b Core/Src/GFX_FUNCTIONS.o
 .debug_macro   0x000221bc      0x23d Core/Src/GFX_FUNCTIONS.o
 .debug_macro   0x000223f9      0x241 Core/Src/GFX_FUNCTIONS.o
 .debug_macro   0x0002263a      0x37c Core/Src/GFX_FUNCTIONS.o
 .debug_macro   0x000229b6       0xd6 Core/Src/GFX_FUNCTIONS.o
 .debug_macro   0x00022a8c      0x22c Core/Src/GFX_FUNCTIONS.o
 .debug_macro   0x00022cb8       0x61 Core/Src/GFX_FUNCTIONS.o
 .debug_macro   0x00022d19       0xa5 Core/Src/GFX_FUNCTIONS.o
 .debug_macro   0x00022dbe      0x122 Core/Src/GFX_FUNCTIONS.o
 .debug_macro   0x00022ee0      0x3e9 Core/Src/GFX_FUNCTIONS.o
 .debug_macro   0x000232c9      0x2fe Core/Src/GFX_FUNCTIONS.o
 .debug_macro   0x000235c7      0x331 Core/Src/GFX_FUNCTIONS.o
 .debug_macro   0x000238f8       0x22 Core/Src/GFX_FUNCTIONS.o
 .debug_macro   0x0002391a      0x184 Core/Src/GFX_FUNCTIONS.o
 .debug_macro   0x00023a9e       0x18 Core/Src/GFX_FUNCTIONS.o
 .debug_macro   0x00023ab6       0x5e Core/Src/GFX_FUNCTIONS.o
 .debug_macro   0x00023b14       0x35 Core/Src/GFX_FUNCTIONS.o
 .debug_macro   0x00023b49       0x34 Core/Src/GFX_FUNCTIONS.o
 .debug_macro   0x00023b7d       0x16 Core/Src/GFX_FUNCTIONS.o
 .debug_macro   0x00023b93       0x35 Core/Src/GFX_FUNCTIONS.o
 .debug_macro   0x00023bc8       0x58 Core/Src/GFX_FUNCTIONS.o
 .debug_macro   0x00023c20       0x1f Core/Src/GFX_FUNCTIONS.o
 .debug_macro   0x00023c3f       0x43 Core/Src/GFX_FUNCTIONS.o
 .debug_macro   0x00023c82       0x20 Core/Src/GFX_FUNCTIONS.o
 .debug_macro   0x00023ca2      0x18e Core/Src/GFX_FUNCTIONS.o
 .debug_macro   0x00023e30      0x32a Core/Src/GFX_FUNCTIONS.o
 .debug_macro   0x0002415a       0x16 Core/Src/GFX_FUNCTIONS.o
 .debug_macro   0x00024170       0x29 Core/Src/GFX_FUNCTIONS.o
 .debug_macro   0x00024199      0x1e8 Core/Src/ST7735.o
 .debug_macro   0x00024381      0x1fc Core/Src/main.o
 .debug_macro   0x0002457d      0x1d0 Core/Src/stm32l4xx_hal_msp.o
 .debug_macro   0x0002474d      0x1da Core/Src/stm32l4xx_it.o
 .debug_macro   0x00024927      0x1cc Core/Src/system_stm32l4xx.o
 .debug_macro   0x00024af3      0x214 Drivers/STM32L4xx_HAL_Driver/Src/stm32l4xx_hal.o
 .debug_macro   0x00024d07      0x1c6 Drivers/STM32L4xx_HAL_Driver/Src/stm32l4xx_hal_cortex.o
 .debug_macro   0x00024ecd      0x205 Drivers/STM32L4xx_HAL_Driver/Src/stm32l4xx_hal_gpio.o
 .debug_macro   0x000250d2      0x1ea Drivers/STM32L4xx_HAL_Driver/Src/stm32l4xx_hal_pwr_ex.o
 .debug_macro   0x000252bc      0x208 Drivers/STM32L4xx_HAL_Driver/Src/stm32l4xx_hal_rcc.o
 .debug_macro   0x000254c4      0x1ce Drivers/STM32L4xx_HAL_Driver/Src/stm32l4xx_hal_spi.o

.debug_line     0x00000000     0x72bb
 .debug_line    0x00000000      0xbf6 Core/Src/GFX_FUNCTIONS.o
 .debug_line    0x00000bf6      0x88f Core/Src/ST7735.o
 .debug_line    0x00001485      0x75d Core/Src/main.o
 .debug_line    0x00001be2      0x6d2 Core/Src/stm32l4xx_hal_msp.o
 .debug_line    0x000022b4      0x729 Core/Src/stm32l4xx_it.o
 .debug_line    0x000029dd      0x6d2 Core/Src/system_stm32l4xx.o
 .debug_line    0x000030af      0x93b Drivers/STM32L4xx_HAL_Driver/Src/stm32l4xx_hal.o
 .debug_line    0x000039ea      0x8ea Drivers/STM32L4xx_HAL_Driver/Src/stm32l4xx_hal_cortex.o
 .debug_line    0x000042d4      0x813 Drivers/STM32L4xx_HAL_Driver/Src/stm32l4xx_hal_gpio.o
 .debug_line    0x00004ae7      0xb0e Drivers/STM32L4xx_HAL_Driver/Src/stm32l4xx_hal_pwr_ex.o
 .debug_line    0x000055f5      0xa44 Drivers/STM32L4xx_HAL_Driver/Src/stm32l4xx_hal_rcc.o
 .debug_line    0x00006039     0x1202 Drivers/STM32L4xx_HAL_Driver/Src/stm32l4xx_hal_spi.o
 .debug_line    0x0000723b       0x80 startup/startup_stm32l476xx.o

.debug_str      0x00000000    0xe508b
 .debug_str     0x00000000    0xe2b63 Core/Src/GFX_FUNCTIONS.o
                              0xe2f07 (size before relaxing)
 .debug_str     0x000e2b63      0x1d5 Core/Src/ST7735.o
                              0xe025a (size before relaxing)
 .debug_str     0x000e2d38      0x3e7 Core/Src/main.o
                              0xe04c8 (size before relaxing)
 .debug_str     0x000e311f       0x63 Core/Src/stm32l4xx_hal_msp.o
                              0xdfcc5 (size before relaxing)
 .debug_str     0x000e3182       0xc9 Core/Src/stm32l4xx_it.o
                              0xdf7bb (size before relaxing)
 .debug_str     0x000e324b       0xcd Core/Src/system_stm32l4xx.o
                              0xdf904 (size before relaxing)
 .debug_str     0x000e3318      0xa1b Drivers/STM32L4xx_HAL_Driver/Src/stm32l4xx_hal.o
                              0xe042d (size before relaxing)
 .debug_str     0x000e3d33      0x344 Drivers/STM32L4xx_HAL_Driver/Src/stm32l4xx_hal_cortex.o
                              0xe0158 (size before relaxing)
 .debug_str     0x000e4077      0x20b Drivers/STM32L4xx_HAL_Driver/Src/stm32l4xx_hal_gpio.o
                              0xdfb83 (size before relaxing)
 .debug_str     0x000e4282      0x4a8 Drivers/STM32L4xx_HAL_Driver/Src/stm32l4xx_hal_pwr_ex.o
                              0xdfe33 (size before relaxing)
 .debug_str     0x000e472a      0x38f Drivers/STM32L4xx_HAL_Driver/Src/stm32l4xx_hal_rcc.o
                              0xdff07 (size before relaxing)
 .debug_str     0x000e4ab9      0x5a3 Drivers/STM32L4xx_HAL_Driver/Src/stm32l4xx_hal_spi.o
                              0xe00ec (size before relaxing)
 .debug_str     0x000e505c       0x2f startup/startup_stm32l476xx.o
                                 0x56 (size before relaxing)

.comment        0x00000000       0x7f
 .comment       0x00000000       0x7f Core/Src/GFX_FUNCTIONS.o
                                 0x80 (size before relaxing)
 .comment       0x0000007f       0x80 Core/Src/ST7735.o
 .comment       0x0000007f       0x80 Core/Src/main.o
 .comment       0x0000007f       0x80 Core/Src/stm32l4xx_hal_msp.o
 .comment       0x0000007f       0x80 Core/Src/stm32l4xx_it.o
 .comment       0x0000007f       0x80 Core/Src/system_stm32l4xx.o
 .comment       0x0000007f       0x80 Drivers/STM32L4xx_HAL_Driver/Src/stm32l4xx_hal.o
 .comment       0x0000007f       0x80 Drivers/STM32L4xx_HAL_Driver/Src/stm32l4xx_hal_cortex.o
 .comment       0x0000007f       0x80 Drivers/STM32L4xx_HAL_Driver/Src/stm32l4xx_hal_gpio.o
 .comment       0x0000007f       0x80 Drivers/STM32L4xx_HAL_Driver/Src/stm32l4xx_hal_pwr_ex.o
 .comment       0x0000007f       0x80 Drivers/STM32L4xx_HAL_Driver/Src/stm32l4xx_hal_rcc.o
 .comment       0x0000007f       0x80 Drivers/STM32L4xx_HAL_Driver/Src/stm32l4xx_hal_spi.o

.debug_frame    0x00000000     0x16f4
 .debug_frame   0x00000000      0x448 Core/Src/GFX_FUNCTIONS.o
 .debug_frame   0x00000448      0x208 Core/Src/ST7735.o
 .debug_frame   0x00000650       0x94 Core/Src/main.o
 .debug_frame   0x000006e4       0x60 Core/Src/stm32l4xx_hal_msp.o
 .debug_frame   0x00000744       0xa8 Core/Src/stm32l4xx_it.o
 .debug_frame   0x000007ec       0x30 Core/Src/system_stm32l4xx.o
 .debug_frame   0x0000081c      0x274 Drivers/STM32L4xx_HAL_Driver/Src/stm32l4xx_hal.o
 .debug_frame   0x00000a90      0x15c Drivers/STM32L4xx_HAL_Driver/Src/stm32l4xx_hal_cortex.o
 .debug_frame   0x00000bec       0xd0 Drivers/STM32L4xx_HAL_Driver/Src/stm32l4xx_hal_gpio.o
 .debug_frame   0x00000cbc      0x298 Drivers/STM32L4xx_HAL_Driver/Src/stm32l4xx_hal_pwr_ex.o
 .debug_frame   0x00000f54      0x18c Drivers/STM32L4xx_HAL_Driver/Src/stm32l4xx_hal_rcc.o
 .debug_frame   0x000010e0      0x5c8 Drivers/STM32L4xx_HAL_Driver/Src/stm32l4xx_hal_spi.o
 .debug_frame   0x000016a8       0x2c c:/ac6/systemworkbench/plugins/fr.ac6.mcu.externaltools.arm-none.win32_1.17.0.201812190825/tools/compiler/bin/../lib/gcc/arm-none-eabi/7.3.1/../../../../arm-none-eabi/lib/thumb/v7e-m/fpv4-sp/hard\libc_nano.a(lib_a-init.o)
 .debug_frame   0x000016d4       0x20 c:/ac6/systemworkbench/plugins/fr.ac6.mcu.externaltools.arm-none.win32_1.17.0.201812190825/tools/compiler/bin/../lib/gcc/arm-none-eabi/7.3.1/../../../../arm-none-eabi/lib/thumb/v7e-m/fpv4-sp/hard\libc_nano.a(lib_a-memset.o)
